// Jest Snapshot v1, https://goo.gl/fbAQLP

exports[`renders SideBar as expected 1`] = `
<ul
  className="sidebar"
/>
`;
