// Jest Snapshot v1, https://goo.gl/fbAQLP

exports[`renders Nav as expected 1`] = `
<nav>
  <ul>
    <li>
      <a
        href="/"
        onClick={[Function]}
      >
        Home
      </a>
    </li>
    <li>
      <a
        href="/addVenue"
        onClick={[Function]}
      >
        Add Venue
      </a>
    </li>
    <li
      className="Nav_logout"
    >
      <a
        href="/login"
        onClick={[Function]}
      >
        Log in
      </a>
    </li>
  </ul>
</nav>
`;
