// Jest Snapshot v1, https://goo.gl/fbAQLP

exports[`renders Result as expected 1`] = `
<li
  className="result"
  onClick={[Function]}
>
  <div
    className="result_rating"
  >
    <h3>
      Bull McCabes
    </h3>
    <span
      className="rating"
    >
      <div>
        <span>
          ★
        </span>
        <span>
          ★
        </span>
        <span>
          ★
        </span>
      </div>
    </span>
  </div>
  <div
    className="result_address"
  >
    <span>
      Bar
    </span>
    <div
      className="price_span"
    >
      <span>
        $
      </span>
      <span>
        $
      </span>
    </div>
    <p>
      Phone: 
      Not provided
    </p>
    <p>
      <span>
        Address: 
        123 Main st.
      </span>
       
      <span
        className="city"
      >
        Durham
      </span>
      ,
      <span
        className="state"
      >
         
        NC
      </span>
    </p>
    <p>
      Website: 
      Not provided
    </p>
  </div>
  <button
    onClick={[Function]}
  >
    See more
  </button>
</li>
`;
