// Jest Snapshot v1, https://goo.gl/fbAQLP

exports[`renders Main as expected 1`] = `
<div
  className="main"
/>
`;
