// Jest Snapshot v1, https://goo.gl/fbAQLP

exports[`renders ReviewForm as expected 1`] = `
<section
  className="review_form_component"
>
  <header>
    <h2>
      Add a review
    </h2>
  </header>
  <h3 />
  <form
    className="review_form"
    onSubmit={[Function]}
  >
    <fieldset>
      <legend>
        Your Review
        <div
          className="review_form_selects"
        >
          <label
            htmlFor="price"
          >
            Price
            <select
              aria-required="true"
              className="review_form_select"
              id="price"
              name="price"
              required={true}
            >
              <option
                value=""
              >
                Please select
              </option>
              <option
                value={1}
              >
                $
              </option>
              <option
                value={2}
              >
                $$
              </option>
              <option
                value={3}
              >
                $$$
              </option>
              <option
                value={4}
              >
                $$$$
              </option>
              <option
                value={5}
              >
                $$$$$
              </option>
            </select>
          </label>
          <label
            htmlFor="volume"
          >
            Describe the volume level
            <select
              aria-required="true"
              className="review_form_select"
              id="volume"
              name="volume"
              required={true}
            >
              <option
                value=""
              >
                Please select
              </option>
              <option
                value={1}
              >
                ðŸ“£
              </option>
              <option
                value={2}
              >
                ðŸ“£ðŸ“£
              </option>
              <option
                value={3}
              >
                ðŸ“£ðŸ“£ðŸ“£
              </option>
              <option
                value={4}
              >
                ðŸ“£ðŸ“£ðŸ“£ðŸ“£
              </option>
              <option
                value={5}
              >
                ðŸ“£ðŸ“£ðŸ“£ðŸ“£ðŸ“£
              </option>
            </select>
          </label>
          <label
            htmlFor="rating"
          >
            Overall rating
            <select
              aria-required="true"
              className="review_form_select"
              id="rating"
              name="rating"
              required={true}
            >
              <option
                value=""
              >
                Please select
              </option>
              <option
                value={1}
              >
                â˜…
              </option>
              <option
                value={2}
              >
                â˜…â˜…
              </option>
              <option
                value={3}
              >
                â˜…â˜…â˜…
              </option>
              <option
                value={4}
              >
                â˜…â˜…â˜…â˜…
              </option>
              <option
                value={5}
              >
                â˜…â˜…â˜…â˜…â˜…
              </option>
            </select>
          </label>
        </div>
      </legend>
    </fieldset>
    <fieldset>
      <legend>
         
        Features
        <div
          className="review_amenities"
        >
          <div
            className="left"
          >
            <label
              htmlFor="StrollerAccessible"
            >
              Stroller Accessible
              <input
                aria-label="Stroller Accessible"
                className="checkBox"
                name="amenities"
                onChange={[Function]}
                type="checkbox"
                value="1"
              />
            </label>
            <label
              htmlFor="PlayArea"
            >
              Play Area
              <input
                aria-label="Play area"
                className="checkBox"
                name="PlayArea"
                onChange={[Function]}
                type="checkbox"
                value="2"
              />
            </label>
            <label
              htmlFor="Changingtable"
            >
               
              Changing Table
              <input
                aria-label="Changing table"
                className="checkBox"
                name="amenities"
                onChange={[Function]}
                type="checkbox"
                value="3"
              />
            </label>
          </div>
          <div
            className="right"
          >
            <label
              htmlFor="Dogs"
            >
              Dogs Welcome
              <input
                aria-label="Dogs Welcome"
                className="checkBox"
                name="amenities"
                onChange={[Function]}
                type="checkbox"
                value="4"
              />
            </label>
            <label
              htmlFor="Fastcheckout"
            >
               
              Fast Checkout
              <input
                aria-label="Fast Checkout"
                className="checkBox"
                name="amenities"
                onChange={[Function]}
                type="checkbox"
                value="5"
              />
            </label>
            <label
              htmlFor="KidsNight"
            >
               
              Kids Night Deals
              <input
                aria-label="kids night deals"
                className="checkBox"
                name="amenities"
                onChange={[Function]}
                type="checkbox"
                value="6"
              />
            </label>
            <label
              htmlFor="OutdoorSeating"
            >
               
              Outdoor Seating Available
              <input
                aria-label="outdoor seating"
                className="checkBox"
                name="amenities"
                onChange={[Function]}
                type="checkbox"
                value="7"
              />
            </label>
          </div>
        </div>
      </legend>
    </fieldset>
    <div
      className="review_form"
    >
      <label
        htmlFor="review"
      >
        Tell us about your visit
        <textarea
          aria-label="tell us about your visit"
          aria-required="true"
          className="review_form_textarea"
          name="content"
          placeholder="Tell us about your visit"
          type="text"
        />
      </label>
    </div>
    <div
      className="review_form_controls"
    >
      <button
        className="cancel"
        onClick={[Function]}
        type="button"
      >
        Cancel
      </button>
      <button
        className="submit"
        type="submit"
      >
        Submit
      </button>
    </div>
  </form>
</section>
`;
