// Jest Snapshot v1, https://goo.gl/fbAQLP

exports[`renders Footer as expected 1`] = `
<div
  className="footer"
>
  <p>
    Daniel Nichols | 2019
  </p>
  <p>
    Want to see more? Find it on GitHub
  </p>
</div>
`;
