// Jest Snapshot v1, https://goo.gl/fbAQLP

exports[`renders App as expected 1`] = `
<div
  className="app"
>
  <nav>
    <ul>
      <li>
        <a
          href="/"
          onClick={[Function]}
        >
          Home
        </a>
      </li>
      <li>
        <a
          href="/addVenue"
          onClick={[Function]}
        >
          Add Venue
        </a>
      </li>
      <li
        className="Nav_logout"
      >
        <a
          href="/login"
          onClick={[Function]}
        >
          Log in
        </a>
      </li>
    </ul>
  </nav>
  <div
    className="sidebar"
  >
    <div>
      Hello World
    </div>
  </div>
  <div
    className="main"
  >
    <section
      className="landingpage"
    >
      <header
        className="landingpage_hero"
      >
        <h1>
          Tot Spots
        </h1>
        <p>
          For parents, by parents.
        </p>
      </header>
      <div
        className="search"
      >
        <p>
          I want to take my family to a...
        </p>
        <form
          className="search_form"
          onSubmit={[Function]}
        >
          <label
            className="search_form_label"
            htmlFor="type"
            required={true}
          >
            Venue or event...
            <select
              className="search_form_select"
              id="type"
              name="type"
            >
              <option
                value=""
              >
                Select a type of venue/event
              </option>
              <option
                value="Restaurant"
              >
                Restaurants
              </option>
              <option
                value="Bar"
              >
                Brewery/Bar
              </option>
              <option
                value="Educational"
              >
                Educational
              </option>
              <option
                value="music"
              >
                Music
              </option>
              <option
                value="outdoor"
              >
                Outdoor
              </option>
            </select>
          </label>
          <p>
            in...
          </p>
          <label
            className="search_form_label"
            htmlFor="city"
          >
             City
            <input
              className="search_form_text"
              id="city"
              name="city"
              placeholder="Durham"
              required={true}
              type="text"
            />
          </label>
          <label
            className="search_form_label"
            htmlFor="state"
          >
             State
            <input
              className="search_form_text"
              max-length="2"
              name="state"
              placeholder="NC"
              required={true}
              type="text"
            />
          </label>
          <div
            className="search_form_control"
          >
            <button
              className="search_form_button"
              type="submit"
            >
              Let's go!
            </button>
          </div>
        </form>
      </div>
      <div
        role="alert"
      />
      <p>
        Have an account? 
        <a
          href="/login"
          onClick={[Function]}
        >
          Log in
        </a>
         or
        <a
          href="/register"
          onClick={[Function]}
        >
           sign up
        </a>
      </p>
    </section>
  </div>
  <footer
    className="app_footer"
  >
    <div
      className="footer"
    >
      <p>
        Daniel Nichols | 2019
      </p>
      <a
        href="https://github.com/DanielCNichols"
      >
        <p>
          Want to see more? Find it on GitHub
        </p>
      </a>
    </div>
  </footer>
</div>
`;
